Hello World !!
je teste les teste de main.py